// Jest Snapshot v1, https://goo.gl/fbAQLP

exports[`Can add a list 1`] = `
Object {
  "lists": Array [
    Object {
      "description": "Pics of dogs I adore",
      "images": Array [],
      "title": "Cute dogs",
    },
  ],
}
`;

exports[`Can add an image to a list 1`] = `
Object {
  "lists": Array [
    Object {
      "description": "Pics of dogs I adore",
      "images": Array [
        Object {
          "id": "U6nlG0Y5sfs",
          "links": Object {
            "download": "https://example.com/",
          },
          "urls": Object {
            "thumb": "https://images.unsplash.com/photo-1529472119196-cb724127a98e?ixlib=rb-1.2.1&q=80&fm=jpg&crop=entropy&cs=tinysrgb&w=200&fit=max&ixid=eyJhcHBfaWQiOjE2MDUxMn0",
          },
          "user": Object {
            "name": "Hannah Lim",
            "portfolio_url": "https://hannahlim213.github.io/portfolio-page/",
          },
        },
      ],
      "title": "Cute dogs",
    },
  ],
}
`;

exports[`Can remove an image from a list 1`] = `
Object {
  "lists": Array [
    Object {
      "description": "Pics of dogs I adore",
      "images": Array [],
      "title": "Cute dogs",
    },
  ],
}
`;
